[preclinic.dreamguystech.com/template/index.html]
[backblue.gif]
[fade.gif]
[index.html]
[preclinic.dreamguystech.com/template/assets/img/favicon.ico]
[preclinic.dreamguystech.com/template/assets/css/bootstrap.min.css]
[preclinic.dreamguystech.com/template/assets/css/font-awesome.min.css]
[preclinic.dreamguystech.com/template/assets/css/style.css]
[preclinic.dreamguystech.com/template/assets/img/logo.png]
[preclinic.dreamguystech.com/template/activities.html]
[preclinic.dreamguystech.com/template/assets/img/user.jpg]
[preclinic.dreamguystech.com/template/profile.html]
[preclinic.dreamguystech.com/template/edit-profile.html]
[preclinic.dreamguystech.com/template/settings.html]
[preclinic.dreamguystech.com/template/login.html]
[preclinic.dreamguystech.com/template/doctors.html]
[preclinic.dreamguystech.com/template/patients.html]
[preclinic.dreamguystech.com/template/appointments.html]
[preclinic.dreamguystech.com/template/schedule.html]
[preclinic.dreamguystech.com/template/departments.html]
[preclinic.dreamguystech.com/template/employees.html]
[preclinic.dreamguystech.com/template/leaves.html]
[preclinic.dreamguystech.com/template/holidays.html]
[preclinic.dreamguystech.com/template/attendance.html]
[preclinic.dreamguystech.com/template/invoices.html]
[preclinic.dreamguystech.com/template/payments.html]
[preclinic.dreamguystech.com/template/expenses.html]
[preclinic.dreamguystech.com/template/taxes.html]
[preclinic.dreamguystech.com/template/provident-fund.html]
[preclinic.dreamguystech.com/template/salary.html]
[preclinic.dreamguystech.com/template/salary-view.html]
[preclinic.dreamguystech.com/template/chat.html]
[preclinic.dreamguystech.com/template/voice-call.html]
[preclinic.dreamguystech.com/template/video-call.html]
[preclinic.dreamguystech.com/template/incoming-call.html]
[preclinic.dreamguystech.com/template/compose.html]
[preclinic.dreamguystech.com/template/inbox.html]
[preclinic.dreamguystech.com/template/mail-view.html]
[preclinic.dreamguystech.com/template/blog.html]
[preclinic.dreamguystech.com/template/blog-details.html]
[preclinic.dreamguystech.com/template/add-blog.html]
[preclinic.dreamguystech.com/template/edit-blog.html]
[preclinic.dreamguystech.com/template/assets.html]
[preclinic.dreamguystech.com/template/expense-reports.html]
[preclinic.dreamguystech.com/template/invoice-reports.html]
[preclinic.dreamguystech.com/template/uikit.html]
[preclinic.dreamguystech.com/template/typography.html]
[preclinic.dreamguystech.com/template/tabs.html]
[preclinic.dreamguystech.com/template/form-basic-inputs.html]
[preclinic.dreamguystech.com/template/form-input-groups.html]
[preclinic.dreamguystech.com/template/form-horizontal.html]
[preclinic.dreamguystech.com/template/form-vertical.html]
[preclinic.dreamguystech.com/template/tables-basic.html]
[preclinic.dreamguystech.com/template/tables-datatables.html]
[preclinic.dreamguystech.com/template/calendar.html]
[preclinic.dreamguystech.com/template/register.html]
[preclinic.dreamguystech.com/template/forgot-password.html]
[preclinic.dreamguystech.com/template/change-password2.html]
[preclinic.dreamguystech.com/template/lock-screen.html]
[preclinic.dreamguystech.com/template/gallery.html]
[preclinic.dreamguystech.com/template/error-404.html]
[preclinic.dreamguystech.com/template/error-500.html]
[preclinic.dreamguystech.com/template/blank-page.html]
[preclinic.dreamguystech.com/cdn-cgi/scripts/5c5dd728/cloudflare-static/email-decode.min.js]
[preclinic.dreamguystech.com/template/assets/js/jquery-3.2.1.min.js]
[preclinic.dreamguystech.com/template/assets/js/popper.min.js]
[preclinic.dreamguystech.com/template/assets/js/bootstrap.min.js]
[preclinic.dreamguystech.com/template/assets/js/jquery.slimscroll.js]
[preclinic.dreamguystech.com/template/assets/js/Chart.bundle.js]
[preclinic.dreamguystech.com/template/assets/js/chart.js]
[preclinic.dreamguystech.com/template/index.html]
[preclinic.dreamguystech.com/template/assets/css/bootstrap.min.css]
[preclinic.dreamguystech.com/template/assets/js/app.js]
[preclinic.dreamguystech.com/template/assets/fonts/fontawesome-webfont3e6e.eot]
[preclinic.dreamguystech.com/template/assets/fonts/fontawesome-webfontd41d.eot]
[preclinic.dreamguystech.com/template/assets/fonts/fontawesome-webfont3e6e.woff]
[preclinic.dreamguystech.com/template/assets/fonts/fontawesome-webfont3e6e.ttf]
[preclinic.dreamguystech.com/template/assets/css/font-awesome.min.css]
[preclinic.dreamguystech.com/template/assets/fonts/fontawesome-webfont3e6e.svg]
[preclinic.dreamguystech.com/template/assets/img/calander.png]
[preclinic.dreamguystech.com/template/assets/img/clock.png]
[preclinic.dreamguystech.com/template/assets/css/style.css]
[preclinic.dreamguystech.com/template/activities.html]
[preclinic.dreamguystech.com/template/assets/img/doctor-03.jpg]
[preclinic.dreamguystech.com/template/profile.html]
[preclinic.dreamguystech.com/template/assets/css/select2.min.css]
[preclinic.dreamguystech.com/template/assets/css/bootstrap-datetimepicker.min.css]
[preclinic.dreamguystech.com/template/assets/js/select2.min.js]
[preclinic.dreamguystech.com/template/assets/js/moment.min.js]
[preclinic.dreamguystech.com/template/assets/js/bootstrap-datetimepicker.min.js]
[preclinic.dreamguystech.com/template/edit-profile.html]
[preclinic.dreamguystech.com/template/localization.html]
[preclinic.dreamguystech.com/template/theme-settings.html]
[preclinic.dreamguystech.com/template/roles-permissions.html]
[preclinic.dreamguystech.com/template/email-settings.html]
[preclinic.dreamguystech.com/template/invoice-settings.html]
[preclinic.dreamguystech.com/template/salary-settings.html]
[preclinic.dreamguystech.com/template/notifications-settings.html]
[preclinic.dreamguystech.com/template/change-password.html]
[preclinic.dreamguystech.com/template/settings.html]
[preclinic.dreamguystech.com/template/leave-type.html]
[preclinic.dreamguystech.com/template/assets/img/logo-dark.png]
[preclinic.dreamguystech.com/template/login.html]
[preclinic.dreamguystech.com/template/add-doctor.html]
[preclinic.dreamguystech.com/template/assets/img/doctor-thumb-03.jpg]
[preclinic.dreamguystech.com/template/edit-doctor.html]
[preclinic.dreamguystech.com/template/assets/img/doctor-thumb-07.jpg]
[preclinic.dreamguystech.com/template/assets/img/doctor-thumb-04.jpg]
[preclinic.dreamguystech.com/template/assets/img/doctor-thumb-11.jpg]
[preclinic.dreamguystech.com/template/assets/img/doctor-thumb-12.jpg]
[preclinic.dreamguystech.com/template/assets/img/doctor-thumb-02.jpg]
[preclinic.dreamguystech.com/template/assets/img/doctor-thumb-09.jpg]
[preclinic.dreamguystech.com/template/assets/img/doctor-thumb-01.jpg]
[preclinic.dreamguystech.com/template/assets/img/doctor-thumb-05.jpg]
[preclinic.dreamguystech.com/template/assets/img/doctor-thumb-10.jpg]
[preclinic.dreamguystech.com/template/assets/img/doctor-thumb-08.jpg]
[preclinic.dreamguystech.com/template/assets/img/doctor-thumb-06.jpg]
[preclinic.dreamguystech.com/template/assets/img/sent.png]
[preclinic.dreamguystech.com/template/doctors.html]
[preclinic.dreamguystech.com/template/assets/css/dataTables.bootstrap4.min.css]
[preclinic.dreamguystech.com/template/add-patient.html]
[preclinic.dreamguystech.com/template/edit-patient.html]
[preclinic.dreamguystech.com/template/assets/js/jquery.dataTables.min.js]
[preclinic.dreamguystech.com/template/assets/js/dataTables.bootstrap4.min.js]
[preclinic.dreamguystech.com/template/patients.html]
[preclinic.dreamguystech.com/template/add-appointment.html]
[preclinic.dreamguystech.com/template/appointments.html]
[preclinic.dreamguystech.com/template/edit-appointment.html]
[preclinic.dreamguystech.com/template/add-schedule.html]
[preclinic.dreamguystech.com/template/schedule.html]
[preclinic.dreamguystech.com/template/edit-schedule.html]
[preclinic.dreamguystech.com/template/add-department.html]
[preclinic.dreamguystech.com/template/departments.html]
[preclinic.dreamguystech.com/template/edit-department.html]
[preclinic.dreamguystech.com/template/add-employee.html]
[preclinic.dreamguystech.com/template/employees.html]
[preclinic.dreamguystech.com/template/edit-employee.html]
[preclinic.dreamguystech.com/template/add-leave.html]
[preclinic.dreamguystech.com/template/leaves.html]
[preclinic.dreamguystech.com/template/edit-leave.html]
[preclinic.dreamguystech.com/template/add-holiday.html]
[preclinic.dreamguystech.com/template/holidays.html]
[preclinic.dreamguystech.com/template/attendance.html]
[preclinic.dreamguystech.com/template/edit-holiday.html]
[preclinic.dreamguystech.com/template/create-invoice.html]
[preclinic.dreamguystech.com/template/invoice-view.html]
[preclinic.dreamguystech.com/template/invoices.html]
[preclinic.dreamguystech.com/template/payments.html]
[preclinic.dreamguystech.com/template/edit-invoice.html]
[preclinic.dreamguystech.com/template/add-expense.html]
[preclinic.dreamguystech.com/template/expenses.html]
[preclinic.dreamguystech.com/template/edit-expense.html]
[preclinic.dreamguystech.com/template/add-tax.html]
[preclinic.dreamguystech.com/template/taxes.html]
[preclinic.dreamguystech.com/template/edit-tax.html]
[preclinic.dreamguystech.com/template/add-provident-fund.html]
[preclinic.dreamguystech.com/template/provident-fund.html]
[preclinic.dreamguystech.com/template/edit-provident-fund.html]
[preclinic.dreamguystech.com/template/add-salary.html]
[preclinic.dreamguystech.com/template/salary.html]
[preclinic.dreamguystech.com/template/salary-view.html]
[preclinic.dreamguystech.com/template/edit-salary.html]
[preclinic.dreamguystech.com/template/assets/img/patient-thumb-02.jpg]
[preclinic.dreamguystech.com/template/assets/img/placeholder.jpg]
[preclinic.dreamguystech.com/template/assets/img/attachment.png]
[preclinic.dreamguystech.com/template/chat.html]
[preclinic.dreamguystech.com/template/assets/img/user-04.jpg]
[preclinic.dreamguystech.com/template/assets/img/patient-thumb-01.jpg]
[preclinic.dreamguystech.com/template/voice-call.html]
[preclinic.dreamguystech.com/template/assets/img/video-call.jpg]
[preclinic.dreamguystech.com/template/assets/img/user-02.jpg]
[preclinic.dreamguystech.com/template/video-call.html]
[preclinic.dreamguystech.com/template/assets/img/user-03.jpg]
[preclinic.dreamguystech.com/template/assets/img/user-05.jpg]
[preclinic.dreamguystech.com/template/assets/img/user-06.jpg]
[preclinic.dreamguystech.com/template/incoming-call.html]
[preclinic.dreamguystech.com/template/assets/plugins/summernote/dist/summernote-bs4.css]
[preclinic.dreamguystech.com/template/compose.html]
[preclinic.dreamguystech.com/template/inbox.html]
[preclinic.dreamguystech.com/template/mail-view.html]
[preclinic.dreamguystech.com/template/assets/plugins/summernote/dist/summernote-bs4.min.js]
[preclinic.dreamguystech.com/template/assets/img/blog/blog-01.jpg]
[preclinic.dreamguystech.com/template/assets/img/blog/blog-02.jpg]
[preclinic.dreamguystech.com/template/assets/img/blog/blog-03.jpg]
[preclinic.dreamguystech.com/template/assets/img/blog/blog-04.jpg]
[preclinic.dreamguystech.com/template/blog.html]
[preclinic.dreamguystech.com/template/assets/img/blog/blog-thumb-01.jpg]
[preclinic.dreamguystech.com/template/assets/img/blog/blog-thumb-02.jpg]
[preclinic.dreamguystech.com/template/assets/img/blog/blog-thumb-03.jpg]
[preclinic.dreamguystech.com/template/assets/img/blog/blog-thumb-04.jpg]
[preclinic.dreamguystech.com/template/blog-details.html]
[preclinic.dreamguystech.com/template/assets/css/tagsinput.css]
[preclinic.dreamguystech.com/template/assets/img/placeholder-thumb.jpg]
[preclinic.dreamguystech.com/template/assets/js/tagsinput.js]
[preclinic.dreamguystech.com/template/add-blog.html]
[preclinic.dreamguystech.com/template/edit-blog.html]
[preclinic.dreamguystech.com/template/add-asset.html]
[preclinic.dreamguystech.com/template/assets.html]
[preclinic.dreamguystech.com/template/expense-reports.html]
[preclinic.dreamguystech.com/template/invoice-reports.html]
[preclinic.dreamguystech.com/template/uikit.html]
[preclinic.dreamguystech.com/template/typography.html]
[preclinic.dreamguystech.com/template/tabs.html]
[preclinic.dreamguystech.com/template/form-basic-inputs.html]
[preclinic.dreamguystech.com/template/form-input-groups.html]
[preclinic.dreamguystech.com/template/form-horizontal.html]
[preclinic.dreamguystech.com/template/edit-asset.html]
[preclinic.dreamguystech.com/template/assets/css/fullcalendar.min.css]
[preclinic.dreamguystech.com/template/form-vertical.html]
[preclinic.dreamguystech.com/template/tables-basic.html]
[preclinic.dreamguystech.com/template/tables-datatables.html]
[preclinic.dreamguystech.com/template/assets/js/jquery-ui.min.js]
[preclinic.dreamguystech.com/template/assets/js/fullcalendar.min.js]
[preclinic.dreamguystech.com/template/assets/js/jquery.fullcalendar.js]
[preclinic.dreamguystech.com/template/calendar.html]
[preclinic.dreamguystech.com/template/register.html]
[preclinic.dreamguystech.com/template/forgot-password.html]
[preclinic.dreamguystech.com/template/change-password2.html]
[preclinic.dreamguystech.com/template/lock-screen.html]
[preclinic.dreamguystech.com/template/assets/plugins/light-gallery/css/lightgallery.min.css]
[preclinic.dreamguystech.com/template/assets/plugins/light-gallery/js/lightgallery-all.min.js]
[preclinic.dreamguystech.com/template/gallery.html]
[preclinic.dreamguystech.com/template/error-404.html]
[preclinic.dreamguystech.com/template/error-500.html]
[preclinic.dreamguystech.com/template/blank-page.html]
[preclinic.dreamguystech.com/template/assets/fonts/fontawesome-webfont3e6e.html]
[preclinic.dreamguystech.com/template/assets/fonts/fontawesome-webfont3e6e.svg]
[preclinic.dreamguystech.com/template/assets/css/select2.min.css]
[preclinic.dreamguystech.com/template/assets/css/bootstrap-datetimepicker.min.css]
[preclinic.dreamguystech.com/template/localization.html]
[preclinic.dreamguystech.com/template/theme-settings.html]
[preclinic.dreamguystech.com/template/add-role.html]
[preclinic.dreamguystech.com/template/roles-permissions.html]
[preclinic.dreamguystech.com/template/email-settings.html]
[preclinic.dreamguystech.com/template/invoice-settings.html]
[preclinic.dreamguystech.com/template/salary-settings.html]
[preclinic.dreamguystech.com/template/notifications-settings.html]
[preclinic.dreamguystech.com/template/change-password.html]
[preclinic.dreamguystech.com/template/edit-role.html]
[preclinic.dreamguystech.com/template/add-leave-type.html]
[preclinic.dreamguystech.com/template/leave-type.html]
[preclinic.dreamguystech.com/template/add-doctor.html]
[preclinic.dreamguystech.com/template/edit-doctor.html]
[preclinic.dreamguystech.com/template/assets/css/dataTables.bootstrap4.min.css]
[preclinic.dreamguystech.com/template/add-patient.html]
[preclinic.dreamguystech.com/template/edit-patient.html]
[preclinic.dreamguystech.com/template/add-appointment.html]
[preclinic.dreamguystech.com/template/edit-appointment.html]
[preclinic.dreamguystech.com/template/add-schedule.html]
[preclinic.dreamguystech.com/template/edit-schedule.html]
[preclinic.dreamguystech.com/template/add-department.html]
[preclinic.dreamguystech.com/template/edit-department.html]
[preclinic.dreamguystech.com/template/add-employee.html]
[preclinic.dreamguystech.com/template/edit-employee.html]
[preclinic.dreamguystech.com/template/add-leave.html]
[preclinic.dreamguystech.com/template/edit-leave.html]
[preclinic.dreamguystech.com/template/add-holiday.html]
[preclinic.dreamguystech.com/template/edit-holiday.html]
[preclinic.dreamguystech.com/template/create-invoice.html]
[preclinic.dreamguystech.com/template/invoice-view.html]
[preclinic.dreamguystech.com/template/edit-invoice.html]
[preclinic.dreamguystech.com/template/add-expense.html]
[preclinic.dreamguystech.com/template/edit-expense.html]
[preclinic.dreamguystech.com/template/add-tax.html]
[preclinic.dreamguystech.com/template/edit-tax.html]
[preclinic.dreamguystech.com/template/add-provident-fund.html]
[preclinic.dreamguystech.com/template/edit-provident-fund.html]
[preclinic.dreamguystech.com/template/add-salary.html]
[preclinic.dreamguystech.com/template/edit-salary.html]
[preclinic.dreamguystech.com/template/edit-leave-type.html]
[preclinic.dreamguystech.com/template/assets/plugins/summernote/dist/font/summernote4c4d.eot]
[preclinic.dreamguystech.com/template/assets/plugins/summernote/dist/font/summernoted41d.eot]
[preclinic.dreamguystech.com/template/assets/plugins/summernote/dist/font/summernote4c4d.woff]
[preclinic.dreamguystech.com/template/assets/plugins/summernote/dist/summernote-bs4.css]
[preclinic.dreamguystech.com/template/assets/css/tagsinput.css]
[preclinic.dreamguystech.com/template/add-asset.html]
[preclinic.dreamguystech.com/template/edit-asset.html]
[preclinic.dreamguystech.com/template/assets/css/fullcalendar.min.css]
[preclinic.dreamguystech.com/template/assets/js/jquery-ui.min.html]
[preclinic.dreamguystech.com/template/assets/plugins/summernote/dist/font/summernote4c4d.ttf]
[preclinic.dreamguystech.com/template/assets/plugins/light-gallery/fonts/lgd641.eot]
[preclinic.dreamguystech.com/template/assets/plugins/light-gallery/fonts/lgd41d.eot]
[preclinic.dreamguystech.com/template/assets/plugins/light-gallery/fonts/lgd641.woff]
[preclinic.dreamguystech.com/template/assets/plugins/light-gallery/fonts/lgd641.ttf]
[preclinic.dreamguystech.com/template/assets/plugins/light-gallery/fonts/lgd641.svg]
[preclinic.dreamguystech.com/template/assets/plugins/light-gallery/img/vimeo-play.png]
[preclinic.dreamguystech.com/template/assets/plugins/light-gallery/img/video-play.png]
[preclinic.dreamguystech.com/template/assets/plugins/light-gallery/img/youtube-play.png]
[preclinic.dreamguystech.com/template/assets/plugins/light-gallery/img/loading.gif]
[preclinic.dreamguystech.com/template/assets/plugins/light-gallery/css/lightgallery.min.css]
[preclinic.dreamguystech.com/template/add-role.html]
[preclinic.dreamguystech.com/template/edit-role.html]
[preclinic.dreamguystech.com/template/add-leave-type.html]
[preclinic.dreamguystech.com/template/edit-leave-type.html]
[preclinic.dreamguystech.com/template/assets/plugins/light-gallery/fonts/lgd641.svg]
